// Jest Snapshot v1, https://goo.gl/fbAQLP

// Configuration for eslint to lint TypeScript and HTML files
exports[`v1123-single-project-yarn-auto-convert it should pass linting after converting the out of the box Angular CLI setup (with a custom prefix set) 1`] = `
{
  "ignorePatterns": [
    "projects/**/*"
  ],
  "overrides": [
    {
      "extends": [
        "plugin:@angular-eslint/ng-cli-compat",
        "plugin:@angular-eslint/ng-cli-compat--formatting-add-on",
        "plugin:@angular-eslint/template/process-inline-templates"
      ],
      "files": [
        "*.ts"
      ],
      "parserOptions": {
        "createDefaultProgram": true,
        "project": [
          "tsconfig.json",
          "e2e/tsconfig.json"
        ]
      },
      "rules": {
        "@angular-eslint/component-selector": [
          "error",
          {
            "prefix": "some-custom-prefix",
            "style": "kebab-case",
            "type": "element"
          }
        ],
        "@angular-eslint/directive-selector": [
          "error",
          {
            "prefix": "some-custom-prefix",
            "style": "camelCase",
            "type": "attribute"
          }
        ]
      }
    },
    {
      "extends": [
        "plugin:@angular-eslint/template/recommended"
      ],
      "files": [
        "*.html"
      ],
      "rules": {}
    }
  ],
  "root": true
}
`;

// Configuration for the Angular ESLint builder to lint TypeScript and HTML files
exports[`v1123-single-project-yarn-auto-convert it should pass linting after converting the out of the box Angular CLI setup (with a custom prefix set) 2`] = `
{
  "builder": "@angular-eslint/builder:lint",
  "options": {
    "lintFilePatterns": [
      "src/**/*.ts",
      "src/**/*.html"
    ]
  }
}
`;

// Output of the lint command
exports[`v1123-single-project-yarn-auto-convert it should pass linting after converting the out of the box Angular CLI setup (with a custom prefix set) 3`] = `
"
Linting "v1123-single-project-yarn-auto-convert"...

__ROOT__/v1123-single-project-yarn-auto-convert/src/test.ts
  13:5  error  Member call should be declared before all method definitions  @typescript-eslint/member-ordering

âœ– 1 problem (1 error, 0 warnings)
"
`;
