// Jest Snapshot v1, https://goo.gl/fbAQLP

exports[`lint test for v1123-multi-project-manual-config`] = `
Linting "v1123-multi-project-manual-config"...

${Array.from({ length: 20 }, (_, i) => {
  return `
  __ROOT__/v1123-multi-project-manual-config/src/app/app.component.html
   1:31  error  Invalid binding syntax. Use [(expr)] instead  @angular-eslint/template/banana-in-box
`;
}).join('')}

${Array.from({ length: 1 }, (_, i) => {
  return `
  __ROOT__/v1123-multi-project-manual-config/src/app/app.component.spec.ts
   19:6  error  Strings must use singlequote  @typescript-eslint/quotes
`;
}).join('')}

${Array.from({ length: 1 }, (_, i) => {
  return `
  __ROOT__/v1123-multi-project-manual-config/src/app/app.component.ts
   2:1  error  'rxjs/Rx' import is restricted from being used. Please import directly from 'rxjs' instead                             no-restricted-imports
   5:1  error  Unexpected console statement                                                                                           no-console
  15:3  error  Lifecycle interface 'OnInit' should be implemented for method 'ngOnInit'. (https://angular.io/styleguide#style-09-01)  @angular-eslint/use-lifecycle-interface
`;
}).join('')}

...

${Array.from({ length: 1 }, (_, i) => {
  return `
  __ROOT__/v1123-multi-project-manual-config/projects/websites-system/src/test.ts
   13:5  error  Member call should be declared before all method definitions  @typescript-eslint/member-ordering
`;
}).join('')}

${Array.from({ length: 1 }, (_, i) => {
  return `
  __ROOT__/v1123-multi-project-manual-config/projects/robot-websites/src/test.ts
   13:5  error  Member call should be declared before all method definitions  @typescript-eslint/member-ordering
`;
}).join('')}


\`\`\`
âœ– ${20 + 43 + 1 + 1 + 1 + 1 + 1 + 1} problems (... errors, 0 warnings)
  ${12} errors and 0 warnings potentially fixable with the \`--fix\` option.
\`\`\`

`;

