{
  "ignorePatterns": ["projects/**/*"],
  "overrides": [
    {
      "extends": [
        "plugin:@angular-eslint/ng-cli-compat",
        "plugin:@angular-eslint/ng-cli-compat--formatting-add-on",
        "plugin:@angular-eslint/template/process-inline-templates"
      ],
      "files": ["*.ts"],
      "parserOptions": {
        "createDefaultProgram": true,
        "project": ["tsconfig.json", "e2e/tsconfig.json"]
      },
      "rules": {
        "@angular-eslint/component-selector": [
          "error",
          {
            "prefix": "app",
            "style": "kebab-case",
            "type": "element"
          }
        ],
        "@angular-eslint/directive-selector": [
          "error",
          {
            "prefix": "app",
            "style": "camelCase",
            "type": "attribute"
          }
        ],
        "@typescript-eslint/quotes": ["error", "double", { "allowTemplateLiterals": true }]
      }
    },
    {
      "extends": ["plugin:@angular-eslint/template/recommended"],
      "files": ["*.html"],
      "rules": {}
    }
  ],
  "root": true
}
